// Jest Snapshot v1, https://goo.gl/fbAQLP

exports[`Friend matches snapshot 1`] = `
<li>
    <div to="[object Object]" tag="div" class="conversationLabel">
        <div class="avatarContainer">
            <!---->
            <div class=""></div>
        </div>
        <div class="content">
            <div class="friendName">
                Ewelina
            </div>
        </div>
    </div>
</li>
`;
